// Jest Snapshot v1, https://goo.gl/fbAQLP

exports[`should render Login page 1`] = `
<div>
  <h1>
    Login Page
  </h1>
  <button
    onClick={[Function]}
  >
    Log In
  </button>
</div>
`;
